pages/ContractRenewal.tsx(445,9): error TS17004: Cannot use JSX unless the '--jsx' flag is provided.
pages/ContractRenewal.tsx(446,13): error TS17004: Cannot use JSX unless the '--jsx' flag is provided.
pages/ContractRenewal.tsx(447,17): error TS17004: Cannot use JSX unless the '--jsx' flag is provided.
pages/ContractRenewal.tsx(448,21): error TS17004: Cannot use JSX unless the '--jsx' flag is provided.
pages/ContractRenewal.tsx(449,21): error TS17004: Cannot use JSX unless the '--jsx' flag is provided.
pages/ContractRenewal.tsx(451,17): error TS17004: Cannot use JSX unless the '--jsx' flag is provided.
pages/ContractRenewal.tsx(452,21): error TS17004: Cannot use JSX unless the '--jsx' flag is provided.
pages/ContractRenewal.tsx(454,29): error TS17004: Cannot use JSX unless the '--jsx' flag is provided.
pages/ContractRenewal.tsx(464,21): error TS17004: Cannot use JSX unless the '--jsx' flag is provided.
pages/ContractRenewal.tsx(465,25): error TS17004: Cannot use JSX unless the '--jsx' flag is provided.
pages/ContractRenewal.tsx(470,29): error TS17004: Cannot use JSX unless the '--jsx' flag is provided.
pages/ContractRenewal.tsx(471,29): error TS17004: Cannot use JSX unless the '--jsx' flag is provided.
pages/ContractRenewal.tsx(473,25): error TS17004: Cannot use JSX unless the '--jsx' flag is provided.
pages/ContractRenewal.tsx(478,29): error TS17004: Cannot use JSX unless the '--jsx' flag is provided.
pages/ContractRenewal.tsx(479,29): error TS17004: Cannot use JSX unless the '--jsx' flag is provided.
pages/ContractRenewal.tsx(482,21): error TS17004: Cannot use JSX unless the '--jsx' flag is provided.
pages/ContractRenewal.tsx(489,25): error TS17004: Cannot use JSX unless the '--jsx' flag is provided.
pages/ContractRenewal.tsx(490,25): error TS17004: Cannot use JSX unless the '--jsx' flag is provided.
pages/ContractRenewal.tsx(495,13): error TS17004: Cannot use JSX unless the '--jsx' flag is provided.
pages/ContractRenewal.tsx(496,17): error TS17004: Cannot use JSX unless the '--jsx' flag is provided.
pages/ContractRenewal.tsx(497,21): error TS17004: Cannot use JSX unless the '--jsx' flag is provided.
pages/ContractRenewal.tsx(498,21): error TS17004: Cannot use JSX unless the '--jsx' flag is provided.
pages/ContractRenewal.tsx(508,13): error TS17004: Cannot use JSX unless the '--jsx' flag is provided.
pages/ContractRenewal.tsx(509,17): error TS17004: Cannot use JSX unless the '--jsx' flag is provided.
pages/ContractRenewal.tsx(510,21): error TS17004: Cannot use JSX unless the '--jsx' flag is provided.
pages/ContractRenewal.tsx(511,25): error TS17004: Cannot use JSX unless the '--jsx' flag is provided.
pages/ContractRenewal.tsx(512,29): error TS17004: Cannot use JSX unless the '--jsx' flag is provided.
pages/ContractRenewal.tsx(513,29): error TS17004: Cannot use JSX unless the '--jsx' flag is provided.
pages/ContractRenewal.tsx(514,29): error TS17004: Cannot use JSX unless the '--jsx' flag is provided.
pages/ContractRenewal.tsx(515,29): error TS17004: Cannot use JSX unless the '--jsx' flag is provided.
pages/ContractRenewal.tsx(516,29): error TS17004: Cannot use JSX unless the '--jsx' flag is provided.
pages/ContractRenewal.tsx(517,29): error TS17004: Cannot use JSX unless the '--jsx' flag is provided.
pages/ContractRenewal.tsx(518,29): error TS17004: Cannot use JSX unless the '--jsx' flag is provided.
pages/ContractRenewal.tsx(519,29): error TS17004: Cannot use JSX unless the '--jsx' flag is provided.
pages/ContractRenewal.tsx(520,29): error TS17004: Cannot use JSX unless the '--jsx' flag is provided.
pages/ContractRenewal.tsx(523,21): error TS17004: Cannot use JSX unless the '--jsx' flag is provided.
pages/ContractRenewal.tsx(549,33): error TS17004: Cannot use JSX unless the '--jsx' flag is provided.
pages/ContractRenewal.tsx(550,37): error TS17004: Cannot use JSX unless the '--jsx' flag is provided.
pages/ContractRenewal.tsx(551,41): error TS17004: Cannot use JSX unless the '--jsx' flag is provided.
pages/ContractRenewal.tsx(560,45): error TS17004: Cannot use JSX unless the '--jsx' flag is provided.
pages/ContractRenewal.tsx(561,49): error TS17004: Cannot use JSX unless the '--jsx' flag is provided.
pages/ContractRenewal.tsx(562,53): error TS17004: Cannot use JSX unless the '--jsx' flag is provided.
pages/ContractRenewal.tsx(563,57): error TS17004: Cannot use JSX unless the '--jsx' flag is provided.
pages/ContractRenewal.tsx(564,57): error TS17004: Cannot use JSX unless the '--jsx' flag is provided.
pages/ContractRenewal.tsx(567,49): error TS17004: Cannot use JSX unless the '--jsx' flag is provided.
pages/ContractRenewal.tsx(568,53): error TS17004: Cannot use JSX unless the '--jsx' flag is provided.
pages/ContractRenewal.tsx(576,49): error TS17004: Cannot use JSX unless the '--jsx' flag is provided.
pages/ContractRenewal.tsx(577,53): error TS17004: Cannot use JSX unless the '--jsx' flag is provided.
pages/ContractRenewal.tsx(582,57): error TS17004: Cannot use JSX unless the '--jsx' flag is provided.
pages/ContractRenewal.tsx(583,57): error TS17004: Cannot use JSX unless the '--jsx' flag is provided.
pages/ContractRenewal.tsx(584,57): error TS17004: Cannot use JSX unless the '--jsx' flag is provided.
pages/ContractRenewal.tsx(587,49): error TS17004: Cannot use JSX unless the '--jsx' flag is provided.
pages/ContractRenewal.tsx(588,53): error TS17004: Cannot use JSX unless the '--jsx' flag is provided.
pages/ContractRenewal.tsx(596,49): error TS17004: Cannot use JSX unless the '--jsx' flag is provided.
pages/ContractRenewal.tsx(597,53): error TS17004: Cannot use JSX unless the '--jsx' flag is provided.
pages/ContractRenewal.tsx(605,49): error TS17004: Cannot use JSX unless the '--jsx' flag is provided.
pages/ContractRenewal.tsx(606,53): error TS17004: Cannot use JSX unless the '--jsx' flag is provided.
pages/ContractRenewal.tsx(607,57): error TS17004: Cannot use JSX unless the '--jsx' flag is provided.
pages/ContractRenewal.tsx(608,57): error TS17004: Cannot use JSX unless the '--jsx' flag is provided.
pages/ContractRenewal.tsx(618,49): error TS17004: Cannot use JSX unless the '--jsx' flag is provided.
pages/ContractRenewal.tsx(619,53): error TS17004: Cannot use JSX unless the '--jsx' flag is provided.
pages/ContractRenewal.tsx(620,57): error TS17004: Cannot use JSX unless the '--jsx' flag is provided.
pages/ContractRenewal.tsx(621,57): error TS17004: Cannot use JSX unless the '--jsx' flag is provided.
pages/ContractRenewal.tsx(631,49): error TS17004: Cannot use JSX unless the '--jsx' flag is provided.
pages/ContractRenewal.tsx(632,53): error TS17004: Cannot use JSX unless the '--jsx' flag is provided.
pages/ContractRenewal.tsx(636,49): error TS17004: Cannot use JSX unless the '--jsx' flag is provided.
pages/ContractRenewal.tsx(638,57): error TS17004: Cannot use JSX unless the '--jsx' flag is provided.
pages/ContractRenewal.tsx(643,61): error TS17004: Cannot use JSX unless the '--jsx' flag is provided.
pages/ContractRenewal.tsx(659,17): error TS17004: Cannot use JSX unless the '--jsx' flag is provided.
pages/ContractRenewal.tsx(660,21): error TS17004: Cannot use JSX unless the '--jsx' flag is provided.
pages/ContractRenewal.tsx(661,25): error TS17004: Cannot use JSX unless the '--jsx' flag is provided.
pages/ContractRenewal.tsx(662,29): error TS17004: Cannot use JSX unless the '--jsx' flag is provided.
pages/ContractRenewal.tsx(663,33): error TS17004: Cannot use JSX unless the '--jsx' flag is provided.
pages/ContractRenewal.tsx(666,29): error TS17004: Cannot use JSX unless the '--jsx' flag is provided.
pages/ContractRenewal.tsx(667,33): error TS17004: Cannot use JSX unless the '--jsx' flag is provided.
pages/ContractRenewal.tsx(671,25): error TS17004: Cannot use JSX unless the '--jsx' flag is provided.
pages/ContractRenewal.tsx(672,29): error TS17004: Cannot use JSX unless the '--jsx' flag is provided.
pages/ContractRenewal.tsx(673,110): error TS17004: Cannot use JSX unless the '--jsx' flag is provided.
pages/ContractRenewal.tsx(676,29): error TS17004: Cannot use JSX unless the '--jsx' flag is provided.
pages/ContractRenewal.tsx(685,41): error TS17004: Cannot use JSX unless the '--jsx' flag is provided.
pages/ContractRenewal.tsx(686,45): error TS17004: Cannot use JSX unless the '--jsx' flag is provided.
pages/ContractRenewal.tsx(687,49): error TS17004: Cannot use JSX unless the '--jsx' flag is provided.
pages/ContractRenewal.tsx(688,49): error TS17004: Cannot use JSX unless the '--jsx' flag is provided.
pages/ContractRenewal.tsx(689,53): error TS17004: Cannot use JSX unless the '--jsx' flag is provided.
pages/ContractRenewal.tsx(690,53): error TS17004: Cannot use JSX unless the '--jsx' flag is provided.
pages/ContractRenewal.tsx(694,45): error TS17004: Cannot use JSX unless the '--jsx' flag is provided.
pages/ContractRenewal.tsx(696,53): error TS17004: Cannot use JSX unless the '--jsx' flag is provided.
pages/ContractRenewal.tsx(698,53): error TS17004: Cannot use JSX unless the '--jsx' flag is provided.
pages/ContractRenewal.tsx(699,57): error TS17004: Cannot use JSX unless the '--jsx' flag is provided.
pages/ContractRenewal.tsx(700,61): error TS17004: Cannot use JSX unless the '--jsx' flag is provided.
pages/ContractRenewal.tsx(701,61): error TS17004: Cannot use JSX unless the '--jsx' flag is provided.
pages/ContractRenewal.tsx(712,57): error TS17004: Cannot use JSX unless the '--jsx' flag is provided.
pages/ContractRenewal.tsx(713,61): error TS17004: Cannot use JSX unless the '--jsx' flag is provided.
pages/ContractRenewal.tsx(714,61): error TS17004: Cannot use JSX unless the '--jsx' flag is provided.
pages/ContractRenewal.tsx(715,65): error TS17004: Cannot use JSX unless the '--jsx' flag is provided.
pages/ContractRenewal.tsx(718,65): error TS17004: Cannot use JSX unless the '--jsx' flag is provided.
pages/ContractRenewal.tsx(732,25): error TS17004: Cannot use JSX unless the '--jsx' flag is provided.
pages/ContractRenewal.tsx(733,29): error TS17004: Cannot use JSX unless the '--jsx' flag is provided.
pages/ContractRenewal.tsx(741,29): error TS17004: Cannot use JSX unless the '--jsx' flag is provided.
